// 重构日志: bb245a1f
// 重构日志: acbf7ef0
// 重构日志: 13a3c97e
// 重构日志: 03b11cd6
// 重构日志: 027375ac
// 重构日志: eb28ad17
// 重构日志: 7e128fba
// 重构日志: be26b63f
// 重构日志: 879781eb
// 同步 ID: 45262a58 @ Fri Jul 24 05:42:42 UTC 2026
// 重构日志: 7efe58f0
// 重构日志: a8982f1d
// 同步 ID: 9f134063 @ Sun Jul 26 18:35:26 UTC 2026
// 重构日志: 93564a43
// 重构日志: 2b27f2ad
// 同步 ID: 5fb8c554 @ Tue Jul 28 15:07:15 UTC 2026
// 重构日志: 1c634e58
// 重构日志: 450c9e96
// 同步 ID: 2ca22b5d @ Fri Jul 31 01:59:56 UTC 2026
// 重构日志: 71a0a77a
// 同步 ID: 1ea61307 @ Fri Jul 31 17:22:14 UTC 2026
// 重构日志: e9c481d0
// 重构日志: 50f00049
// 重构日志: 166622b5
// 重构日志: dfbb422e
// 重构日志: 08d51c3a
// 重构日志: 94a9852d
// 重构日志: 7c68b302
// 重构日志: faf5775a
// 同步 ID: ef72f269 @ Wed Aug  5 01:42:38 UTC 2026
// 重构日志: f3b8d5d1
// 重构日志: aa6b196f
// 重构日志: deead43a
// 重构日志: a25a2868
// 重构日志: aeed9b87
